Archive member included to satisfy reference by file (symbol)

/Users/mitchellbond/.p2/pool/plugins/fr.ac6.mcu.externaltools.arm-none.macos64_1.15.0.201708311556/tools/compiler/bin/../lib/gcc/arm-none-eabi/6.3.1/thumb/v6-m/libgcc.a(_udivsi3.o)
                              Drivers/STM32F0xx_HAL_Driver/Src/stm32f0xx_hal.o (__aeabi_uidiv)
/Users/mitchellbond/.p2/pool/plugins/fr.ac6.mcu.externaltools.arm-none.macos64_1.15.0.201708311556/tools/compiler/bin/../lib/gcc/arm-none-eabi/6.3.1/thumb/v6-m/libgcc.a(_dvmd_tls.o)
                              /Users/mitchellbond/.p2/pool/plugins/fr.ac6.mcu.externaltools.arm-none.macos64_1.15.0.201708311556/tools/compiler/bin/../lib/gcc/arm-none-eabi/6.3.1/thumb/v6-m/libgcc.a(_udivsi3.o) (__aeabi_idiv0)
/Users/mitchellbond/.p2/pool/plugins/fr.ac6.mcu.externaltools.arm-none.macos64_1.15.0.201708311556/tools/compiler/bin/../lib/gcc/arm-none-eabi/6.3.1/../../../../arm-none-eabi/lib/thumb/v6-m/libc_nano.a(lib_a-exit.o)
                              /Users/mitchellbond/.p2/pool/plugins/fr.ac6.mcu.externaltools.arm-none.macos64_1.15.0.201708311556/tools/compiler/bin/../lib/gcc/arm-none-eabi/6.3.1/../../../../arm-none-eabi/lib/thumb/v6-m/crt0.o (exit)
/Users/mitchellbond/.p2/pool/plugins/fr.ac6.mcu.externaltools.arm-none.macos64_1.15.0.201708311556/tools/compiler/bin/../lib/gcc/arm-none-eabi/6.3.1/../../../../arm-none-eabi/lib/thumb/v6-m/libc_nano.a(lib_a-impure.o)
                              /Users/mitchellbond/.p2/pool/plugins/fr.ac6.mcu.externaltools.arm-none.macos64_1.15.0.201708311556/tools/compiler/bin/../lib/gcc/arm-none-eabi/6.3.1/../../../../arm-none-eabi/lib/thumb/v6-m/libc_nano.a(lib_a-exit.o) (_global_impure_ptr)
/Users/mitchellbond/.p2/pool/plugins/fr.ac6.mcu.externaltools.arm-none.macos64_1.15.0.201708311556/tools/compiler/bin/../lib/gcc/arm-none-eabi/6.3.1/../../../../arm-none-eabi/lib/thumb/v6-m/libc_nano.a(lib_a-init.o)
                              /Users/mitchellbond/.p2/pool/plugins/fr.ac6.mcu.externaltools.arm-none.macos64_1.15.0.201708311556/tools/compiler/bin/../lib/gcc/arm-none-eabi/6.3.1/../../../../arm-none-eabi/lib/thumb/v6-m/crt0.o (__libc_init_array)
/Users/mitchellbond/.p2/pool/plugins/fr.ac6.mcu.externaltools.arm-none.macos64_1.15.0.201708311556/tools/compiler/bin/../lib/gcc/arm-none-eabi/6.3.1/../../../../arm-none-eabi/lib/thumb/v6-m/libc_nano.a(lib_a-memset.o)
                              /Users/mitchellbond/.p2/pool/plugins/fr.ac6.mcu.externaltools.arm-none.macos64_1.15.0.201708311556/tools/compiler/bin/../lib/gcc/arm-none-eabi/6.3.1/../../../../arm-none-eabi/lib/thumb/v6-m/crt0.o (memset)
/Users/mitchellbond/.p2/pool/plugins/fr.ac6.mcu.externaltools.arm-none.macos64_1.15.0.201708311556/tools/compiler/bin/../lib/gcc/arm-none-eabi/6.3.1/../../../../arm-none-eabi/lib/thumb/v6-m/libnosys.a(_exit.o)
                              /Users/mitchellbond/.p2/pool/plugins/fr.ac6.mcu.externaltools.arm-none.macos64_1.15.0.201708311556/tools/compiler/bin/../lib/gcc/arm-none-eabi/6.3.1/../../../../arm-none-eabi/lib/thumb/v6-m/libc_nano.a(lib_a-exit.o) (_exit)

Allocating common symbols
Common symbol       size              file

hUsbDeviceFS        0x224             Src/usb_device.o
yoke1               0x4               Src/main.o
adcData1            0x4               Src/main.o
uwTick              0x4               Drivers/STM32F0xx_HAL_Driver/Src/stm32f0xx_hal.o
pFlash              0x20              Drivers/STM32F0xx_HAL_Driver/Src/stm32f0xx_hal_flash.o
buffer              0x3               Src/main.o
yoke2               0x4               Src/main.o
adcData2            0x4               Src/main.o
hdma_adc            0x44              Src/main.o
hpcd_USB_FS         0x220             Src/usbd_conf.o
hadc                0x4c              Src/main.o
USBD_StrDesc        0x200             Src/usbd_desc.o
ADC1ConvertedValues
                    0x28              Src/main.o

Discarded input sections

 .text          0x0000000000000000        0x0 /Users/mitchellbond/.p2/pool/plugins/fr.ac6.mcu.externaltools.arm-none.macos64_1.15.0.201708311556/tools/compiler/bin/../lib/gcc/arm-none-eabi/6.3.1/thumb/v6-m/crti.o
 .data          0x0000000000000000        0x0 /Users/mitchellbond/.p2/pool/plugins/fr.ac6.mcu.externaltools.arm-none.macos64_1.15.0.201708311556/tools/compiler/bin/../lib/gcc/arm-none-eabi/6.3.1/thumb/v6-m/crti.o
 .bss           0x0000000000000000        0x0 /Users/mitchellbond/.p2/pool/plugins/fr.ac6.mcu.externaltools.arm-none.macos64_1.15.0.201708311556/tools/compiler/bin/../lib/gcc/arm-none-eabi/6.3.1/thumb/v6-m/crti.o
 .data          0x0000000000000000        0x4 /Users/mitchellbond/.p2/pool/plugins/fr.ac6.mcu.externaltools.arm-none.macos64_1.15.0.201708311556/tools/compiler/bin/../lib/gcc/arm-none-eabi/6.3.1/thumb/v6-m/crtbegin.o
[...]
Memory Configuration

Name             Origin             Length             Attributes
RAM              0x0000000020000000 0x0000000000001800 xrw
FLASH            0x0000000008000000 0x0000000000008000 xr
*default*        0x0000000000000000 0xffffffffffffffff

Linker script and memory map

LOAD /Users/mitchellbond/.p2/pool/plugins/fr.ac6.mcu.externaltools.arm-none.macos64_1.15.0.201708311556/tools/compiler/bin/../lib/gcc/arm-none-eabi/6.3.1/thumb/v6-m/crti.o
LOAD /Users/mitchellbond/.p2/pool/plugins/fr.ac6.mcu.externaltools.arm-none.macos64_1.15.0.201708311556/tools/compiler/bin/../lib/gcc/arm-none-eabi/6.3.1/thumb/v6-m/crtbegin.o
LOAD /Users/mitchellbond/.p2/pool/plugins/fr.ac6.mcu.externaltools.arm-none.macos64_1.15.0.201708311556/tools/compiler/bin/../lib/gcc/arm-none-eabi/6.3.1/../../../../arm-none-eabi/lib/thumb/v6-m/crt0.o
LOAD Drivers/STM32F0xx_HAL_Driver/Src/stm32f0xx_hal.o
LOAD Drivers/STM32F0xx_HAL_Driver/Src/stm32f0xx_hal_adc.o
LOAD Drivers/STM32F0xx_HAL_Driver/Src/stm32f0xx_hal_adc_ex.o
LOAD Drivers/STM32F0xx_HAL_Driver/Src/stm32f0xx_hal_cortex.o
LOAD Drivers/STM32F0xx_HAL_Driver/Src/stm32f0xx_hal_dma.o
LOAD Drivers/STM32F0xx_HAL_Driver/Src/stm32f0xx_hal_flash.o
LOAD Drivers/STM32F0xx_HAL_Driver/Src/stm32f0xx_hal_flash_ex.o
LOAD Drivers/STM32F0xx_HAL_Driver/Src/stm32f0xx_hal_gpio.o
LOAD Drivers/STM32F0xx_HAL_Driver/Src/stm32f0xx_hal_i2c.o
LOAD Drivers/STM32F0xx_HAL_Driver/Src/stm32f0xx_hal_i2c_ex.o
LOAD Drivers/STM32F0xx_HAL_Driver/Src/stm32f0xx_hal_pcd.o
LOAD Drivers/STM32F0xx_HAL_Driver/Src/stm32f0xx_hal_pcd_ex.o
LOAD Drivers/STM32F0xx_HAL_Driver/Src/stm32f0xx_hal_pwr.o
LOAD Drivers/STM32F0xx_HAL_Driver/Src/stm32f0xx_hal_pwr_ex.o
LOAD Drivers/STM32F0xx_HAL_Driver/Src/stm32f0xx_hal_rcc.o
LOAD Drivers/STM32F0xx_HAL_Driver/Src/stm32f0xx_hal_rcc_ex.o
LOAD Drivers/STM32F0xx_HAL_Driver/Src/stm32f0xx_hal_tim.o
LOAD Drivers/STM32F0xx_HAL_Driver/Src/stm32f0xx_hal_tim_ex.o
LOAD Middlewares/ST/STM32_USB_Device_Library/Class/HID/Src/usbd_hid.o
LOAD Middlewares/ST/STM32_USB_Device_Library/Core/Src/usbd_core.o
LOAD Middlewares/ST/STM32_USB_Device_Library/Core/Src/usbd_ctlreq.o
LOAD Middlewares/ST/STM32_USB_Device_Library/Core/Src/usbd_ioreq.o
LOAD Src/main.o
LOAD Src/stm32f0xx_hal_msp.o
LOAD Src/stm32f0xx_it.o
LOAD Src/system_stm32f0xx.o
LOAD Src/usb_device.o
LOAD Src/usbd_conf.o
LOAD Src/usbd_desc.o
LOAD startup/startup_stm32f070x6.o
LOAD /Users/mitchellbond/.p2/pool/plugins/fr.ac6.mcu.externaltools.arm-none.macos64_1.15.0.201708311556/tools/compiler/bin/../lib/gcc/arm-none-eabi/6.3.1/../../../../arm-none-eabi/lib/thumb/v6-m/libm.a
START GROUP
LOAD /Users/mitchellbond/.p2/pool/plugins/fr.ac6.mcu.externaltools.arm-none.macos64_1.15.0.201708311556/tools/compiler/bin/../lib/gcc/arm-none-eabi/6.3.1/thumb/v6-m/libgcc.a
LOAD /Users/mitchellbond/.p2/pool/plugins/fr.ac6.mcu.externaltools.arm-none.macos64_1.15.0.201708311556/tools/compiler/bin/../lib/gcc/arm-none-eabi/6.3.1/../../../../arm-none-eabi/lib/thumb/v6-m/libc_nano.a
END GROUP
START GROUP
LOAD /Users/mitchellbond/.p2/pool/plugins/fr.ac6.mcu.externaltools.arm-none.macos64_1.15.0.201708311556/tools/compiler/bin/../lib/gcc/arm-none-eabi/6.3.1/thumb/v6-m/libgcc.a
LOAD /Users/mitchellbond/.p2/pool/plugins/fr.ac6.mcu.externaltools.arm-none.macos64_1.15.0.201708311556/tools/compiler/bin/../lib/gcc/arm-none-eabi/6.3.1/../../../../arm-none-eabi/lib/thumb/v6-m/libc_nano.a
LOAD /Users/mitchellbond/.p2/pool/plugins/fr.ac6.mcu.externaltools.arm-none.macos64_1.15.0.201708311556/tools/compiler/bin/../lib/gcc/arm-none-eabi/6.3.1/../../../../arm-none-eabi/lib/thumb/v6-m/libnosys.a
END GROUP
START GROUP
LOAD /Users/mitchellbond/.p2/pool/plugins/fr.ac6.mcu.externaltools.arm-none.macos64_1.15.0.201708311556/tools/compiler/bin/../lib/gcc/arm-none-eabi/6.3.1/thumb/v6-m/libgcc.a
LOAD /Users/mitchellbond/.p2/pool/plugins/fr.ac6.mcu.externaltools.arm-none.macos64_1.15.0.201708311556/tools/compiler/bin/../lib/gcc/arm-none-eabi/6.3.1/../../../../arm-none-eabi/lib/thumb/v6-m/libc_nano.a
LOAD /Users/mitchellbond/.p2/pool/plugins/fr.ac6.mcu.externaltools.arm-none.macos64_1.15.0.201708311556/tools/compiler/bin/../lib/gcc/arm-none-eabi/6.3.1/../../../../arm-none-eabi/lib/thumb/v6-m/libnosys.a
END GROUP
LOAD /Users/mitchellbond/.p2/pool/plugins/fr.ac6.mcu.externaltools.arm-none.macos64_1.15.0.201708311556/tools/compiler/bin/../lib/gcc/arm-none-eabi/6.3.1/thumb/v6-m/crtend.o
LOAD /Users/mitchellbond/.p2/pool/plugins/fr.ac6.mcu.externaltools.arm-none.macos64_1.15.0.201708311556/tools/compiler/bin/../lib/gcc/arm-none-eabi/6.3.1/thumb/v6-m/crtn.o
                0x0000000020001800                _estack = 0x20001800
                0x0000000000000200                _Min_Heap_Size = 0x200
                0x0000000000000400                _Min_Stack_Size = 0x400

.isr_vector     0x0000000008000000       0xc0
                0x0000000008000000                . = ALIGN (0x4)
 *(.isr_vector)
 .isr_vector    0x0000000008000000       0xc0 startup/startup_stm32f070x6.o
                0x0000000008000000                g_pfnVectors
                0x00000000080000c0                . = ALIGN (0x4)

.text           0x00000000080000c0     0x3ac8
                0x00000000080000c0                . = ALIGN (0x4)
 *(.text)
 .text          0x00000000080000c0       0x60 /Users/mitchellbond/.p2/pool/plugins/fr.ac6.mcu.externaltools.arm-none.macos64_1.15.0.201708311556/tools/compiler/bin/../lib/gcc/arm-none-eabi/6.3.1/thumb/v6-m/crtbegin.o
 .text          0x0000000008000120      0x114 /Users/mitchellbond/.p2/pool/plugins/fr.ac6.mcu.externaltools.arm-none.macos64_1.15.0.201708311556/tools/compiler/bin/../lib/gcc/arm-none-eabi/6.3.1/thumb/v6-m/libgcc.a(_udivsi3.o)
                0x0000000008000120                __udivsi3
                0x0000000008000120                __aeabi_uidiv
                0x000000000800022c                __aeabi_uidivmod
 .text          0x0000000008000234        0x4 /Users/mitchellbond/.p2/pool/plugins/fr.ac6.mcu.externaltools.arm-none.macos64_1.15.0.201708311556/tools/compiler/bin/../lib/gcc/arm-none-eabi/6.3.1/thumb/v6-m/libgcc.a(_dvmd_tls.o)
                0x0000000008000234                __aeabi_ldiv0
                0x0000000008000234                __aeabi_idiv0
 *(.text*)
 .text.HAL_InitTick
                0x0000000008000238       0x24 Drivers/STM32F0xx_HAL_Driver/Src/stm32f0xx_hal.o
                0x0000000008000238                HAL_InitTick
 .text.HAL_Init
                0x000000000800025c       0x20 Drivers/STM32F0xx_HAL_Driver/Src/stm32f0xx_hal.o
                0x000000000800025c                HAL_Init
 .text.HAL_IncTick
                0x000000000800027c       0x10 Drivers/STM32F0xx_HAL_Driver/Src/stm32f0xx_hal.o
                0x000000000800027c                HAL_IncTick
 .text.HAL_GetTick
                0x000000000800028c        0xc Drivers/STM32F0xx_HAL_Driver/Src/stm32f0xx_hal.o
                0x000000000800028c                HAL_GetTick
 .text.HAL_Delay
                0x0000000008000298       0x22 Drivers/STM32F0xx_HAL_Driver/Src/stm32f0xx_hal.o
                0x0000000008000298                HAL_Delay
 .text.ADC_ConversionStop
                0x00000000080002ba       0x54 Drivers/STM32F0xx_HAL_Driver/Src/stm32f0xx_hal_adc.o
 .text.ADC_Disable
                0x000000000800030e       0x8e Drivers/STM32F0xx_HAL_Driver/Src/stm32f0xx_hal_adc.o
 .text.ADC_Enable
                0x000000000800039c       0xb4 Drivers/STM32F0xx_HAL_Driver/Src/stm32f0xx_hal_adc.o
 .text.HAL_ADC_Init
                0x0000000008000450      0x18c Drivers/STM32F0xx_HAL_Driver/Src/stm32f0xx_hal_adc.o
                0x0000000008000450                HAL_ADC_Init
 .text.HAL_ADC_Start_DMA
                0x00000000080005dc       0xa8 Drivers/STM32F0xx_HAL_Driver/Src/stm32f0xx_hal_adc.o
                0x00000000080005dc                HAL_ADC_Start_DMA
 .text.HAL_ADC_Stop_DMA
                0x0000000008000684       0x7c Drivers/STM32F0xx_HAL_Driver/Src/stm32f0xx_hal_adc.o
                0x0000000008000684                HAL_ADC_Stop_DMA
 .text.ADC_DMAConvCplt
                0x0000000008000700       0x70 Drivers/STM32F0xx_HAL_Driver/Src/stm32f0xx_hal_adc.o
 .text.HAL_ADC_ConvHalfCpltCallback
                0x0000000008000770        0x2 Drivers/STM32F0xx_HAL_Driver/Src/stm32f0xx_hal_adc.o
                0x0000000008000770                HAL_ADC_ConvHalfCpltCallback
 .text.ADC_DMAHalfConvCplt
                0x0000000008000772        0xa Drivers/STM32F0xx_HAL_Driver/Src/stm32f0xx_hal_adc.o
 .text.HAL_ADC_ErrorCallback
                0x000000000800077c        0x2 Drivers/STM32F0xx_HAL_Driver/Src/stm32f0xx_hal_adc.o
                0x000000000800077c                HAL_ADC_ErrorCallback
 .text.ADC_DMAError
                0x000000000800077e       0x1a Drivers/STM32F0xx_HAL_Driver/Src/stm32f0xx_hal_adc.o
 .text.HAL_ADC_ConfigChannel
                0x0000000008000798      0x134 Drivers/STM32F0xx_HAL_Driver/Src/stm32f0xx_hal_adc.o
                0x0000000008000798                HAL_ADC_ConfigChannel
 .text.HAL_NVIC_SetPriority
                0x00000000080008cc       0x64 Drivers/STM32F0xx_HAL_Driver/Src/stm32f0xx_hal_cortex.o
                0x00000000080008cc                HAL_NVIC_SetPriority
 .text.HAL_NVIC_EnableIRQ
                0x0000000008000930       0x14 Drivers/STM32F0xx_HAL_Driver/Src/stm32f0xx_hal_cortex.o
                0x0000000008000930                HAL_NVIC_EnableIRQ
 .text.HAL_SYSTICK_Config
                0x0000000008000944       0x38 Drivers/STM32F0xx_HAL_Driver/Src/stm32f0xx_hal_cortex.o
                0x0000000008000944                HAL_SYSTICK_Config
 .text.HAL_SYSTICK_CLKSourceConfig
                0x000000000800097c       0x20 Drivers/STM32F0xx_HAL_Driver/Src/stm32f0xx_hal_cortex.o
                0x000000000800097c                HAL_SYSTICK_CLKSourceConfig
 .text.HAL_SYSTICK_Callback
                0x000000000800099c        0x2 Drivers/STM32F0xx_HAL_Driver/Src/stm32f0xx_hal_cortex.o
                0x000000000800099c                HAL_SYSTICK_Callback
 .text.HAL_SYSTICK_IRQHandler
                0x000000000800099e        0x8 Drivers/STM32F0xx_HAL_Driver/Src/stm32f0xx_hal_cortex.o
                0x000000000800099e                HAL_SYSTICK_IRQHandler
 .text.DMA_SetConfig
                0x00000000080009a6       0x2a Drivers/STM32F0xx_HAL_Driver/Src/stm32f0xx_hal_dma.o
 .text.DMA_CalcBaseAndBitshift
                0x00000000080009d0       0x28 Drivers/STM32F0xx_HAL_Driver/Src/stm32f0xx_hal_dma.o
 .text.HAL_DMA_Init
                0x00000000080009f8       0x58 Drivers/STM32F0xx_HAL_Driver/Src/stm32f0xx_hal_dma.o
                0x00000000080009f8                HAL_DMA_Init
 .text.HAL_DMA_Start_IT
                0x0000000008000a50       0x76 Drivers/STM32F0xx_HAL_Driver/Src/stm32f0xx_hal_dma.o
                0x0000000008000a50                HAL_DMA_Start_IT
 .text.HAL_DMA_Abort
                0x0000000008000ac6       0x2e Drivers/STM32F0xx_HAL_Driver/Src/stm32f0xx_hal_dma.o
                0x0000000008000ac6                HAL_DMA_Abort
 .text.HAL_DMA_IRQHandler
                0x0000000008000af4       0xaa Drivers/STM32F0xx_HAL_Driver/Src/stm32f0xx_hal_dma.o
                0x0000000008000af4                HAL_DMA_IRQHandler
 *fill*         0x0000000008000b9e        0x2 
 .text.HAL_GPIO_Init
                0x0000000008000ba0      0x18c Drivers/STM32F0xx_HAL_Driver/Src/stm32f0xx_hal_gpio.o
                0x0000000008000ba0                HAL_GPIO_Init
 .text.HAL_GPIO_ReadPin
                0x0000000008000d2c        0xe Drivers/STM32F0xx_HAL_Driver/Src/stm32f0xx_hal_gpio.o
                0x0000000008000d2c                HAL_GPIO_ReadPin
 .text.HAL_GPIO_WritePin
                0x0000000008000d3a        0xc Drivers/STM32F0xx_HAL_Driver/Src/stm32f0xx_hal_gpio.o
                0x0000000008000d3a                HAL_GPIO_WritePin
 *fill*         0x0000000008000d46        0x2 
 .text.HAL_PCD_Init
                0x0000000008000d48       0xc0 Drivers/STM32F0xx_HAL_Driver/Src/stm32f0xx_hal_pcd.o
                0x0000000008000d48                HAL_PCD_Init
 .text.HAL_PCD_Start
                0x0000000008000e08       0x18 Drivers/STM32F0xx_HAL_Driver/Src/stm32f0xx_hal_pcd.o
                0x0000000008000e08                HAL_PCD_Start
 .text.HAL_PCD_SetAddress
                0x0000000008000e20       0x36 Drivers/STM32F0xx_HAL_Driver/Src/stm32f0xx_hal_pcd.o
                0x0000000008000e20                HAL_PCD_SetAddress
 *fill*         0x0000000008000e56        0x2 
 .text.HAL_PCD_EP_Open
                0x0000000008000e58      0x354 Drivers/STM32F0xx_HAL_Driver/Src/stm32f0xx_hal_pcd.o
                0x0000000008000e58                HAL_PCD_EP_Open
 .text.HAL_PCD_EP_Close
                0x00000000080011ac      0x1d0 Drivers/STM32F0xx_HAL_Driver/Src/stm32f0xx_hal_pcd.o
                0x00000000080011ac                HAL_PCD_EP_Close
 .text.HAL_PCD_EP_Receive
                0x000000000800137c      0x23c Drivers/STM32F0xx_HAL_Driver/Src/stm32f0xx_hal_pcd.o
                0x000000000800137c                HAL_PCD_EP_Receive
 .text.HAL_PCD_EP_SetStall
                0x00000000080015b8       0xc4 Drivers/STM32F0xx_HAL_Driver/Src/stm32f0xx_hal_pcd.o
                0x00000000080015b8                HAL_PCD_EP_SetStall
 .text.HAL_PCD_EP_ClrStall
                0x000000000800167c       0xe0 Drivers/STM32F0xx_HAL_Driver/Src/stm32f0xx_hal_pcd.o
                0x000000000800167c                HAL_PCD_EP_ClrStall
 .text.PCD_WritePMA
                0x000000000800175c       0x26 Drivers/STM32F0xx_HAL_Driver/Src/stm32f0xx_hal_pcd.o
                0x000000000800175c                PCD_WritePMA
 *fill*         0x0000000008001782        0x2 
 .text.HAL_PCD_EP_Transmit
                0x0000000008001784      0x24c Drivers/STM32F0xx_HAL_Driver/Src/stm32f0xx_hal_pcd.o
                0x0000000008001784                HAL_PCD_EP_Transmit
 .text.PCD_ReadPMA
                0x00000000080019d0       0x2c Drivers/STM32F0xx_HAL_Driver/Src/stm32f0xx_hal_pcd.o
                0x00000000080019d0                PCD_ReadPMA
 .text.PCD_EP_ISR_Handler
                0x00000000080019fc      0x4bc Drivers/STM32F0xx_HAL_Driver/Src/stm32f0xx_hal_pcd.o
 .text.HAL_PCD_IRQHandler
                0x0000000008001eb8      0x120 Drivers/STM32F0xx_HAL_Driver/Src/stm32f0xx_hal_pcd.o
                0x0000000008001eb8                HAL_PCD_IRQHandler
 .text.HAL_PCDEx_PMAConfig
                0x0000000008001fd8       0x3a Drivers/STM32F0xx_HAL_Driver/Src/stm32f0xx_hal_pcd_ex.o
                0x0000000008001fd8                HAL_PCDEx_PMAConfig
 *fill*         0x0000000008002012        0x2 
 .text.HAL_RCC_OscConfig
                0x0000000008002014      0x460 Drivers/STM32F0xx_HAL_Driver/Src/stm32f0xx_hal_rcc.o
                0x0000000008002014                HAL_RCC_OscConfig
 .text.HAL_RCC_GetSysClockFreq
                0x0000000008002474       0x74 Drivers/STM32F0xx_HAL_Driver/Src/stm32f0xx_hal_rcc.o
                0x0000000008002474                HAL_RCC_GetSysClockFreq
 .text.HAL_RCC_ClockConfig
                0x00000000080024e8      0x154 Drivers/STM32F0xx_HAL_Driver/Src/stm32f0xx_hal_rcc.o
                0x00000000080024e8                HAL_RCC_ClockConfig
 .text.HAL_RCC_GetHCLKFreq
                0x000000000800263c        0xc Drivers/STM32F0xx_HAL_Driver/Src/stm32f0xx_hal_rcc.o
                0x000000000800263c                HAL_RCC_GetHCLKFreq
 .text.HAL_RCCEx_PeriphCLKConfig
                0x0000000008002648      0x12c Drivers/STM32F0xx_HAL_Driver/Src/stm32f0xx_hal_rcc_ex.o
                0x0000000008002648                HAL_RCCEx_PeriphCLKConfig
 .text.USBD_HID_GetCfgDesc
                0x0000000008002774        0xc Middlewares/ST/STM32_USB_Device_Library/Class/HID/Src/usbd_hid.o
 .text.USBD_HID_DataIn
                0x0000000008002780        0xe Middlewares/ST/STM32_USB_Device_Library/Class/HID/Src/usbd_hid.o
 *fill*         0x000000000800278e        0x2 
 .text.USBD_HID_GetDeviceQualifierDesc
                0x0000000008002790       0x10 Middlewares/ST/STM32_USB_Device_Library/Class/HID/Src/usbd_hid.o
 .text.USBD_HID_Setup
                0x00000000080027a0       0xc8 Middlewares/ST/STM32_USB_Device_Library/Class/HID/Src/usbd_hid.o
 .text.USBD_HID_DeInit
                0x0000000008002868       0x24 Middlewares/ST/STM32_USB_Device_Library/Class/HID/Src/usbd_hid.o
 .text.USBD_HID_Init
                0x000000000800288c       0x2a Middlewares/ST/STM32_USB_Device_Library/Class/HID/Src/usbd_hid.o
 .text.USBD_HID_SendReport
                0x00000000080028b6       0x2a Middlewares/ST/STM32_USB_Device_Library/Class/HID/Src/usbd_hid.o
                0x00000000080028b6                USBD_HID_SendReport
 .text.USBD_Init
                0x00000000080028e0       0x38 Middlewares/ST/STM32_USB_Device_Library/Core/Src/usbd_core.o
                0x00000000080028e0                USBD_Init
 .text.USBD_RegisterClass
                0x0000000008002918       0x12 Middlewares/ST/STM32_USB_Device_Library/Core/Src/usbd_core.o
                0x0000000008002918                USBD_RegisterClass
 .text.USBD_Start
                0x000000000800292a        0xa Middlewares/ST/STM32_USB_Device_Library/Core/Src/usbd_core.o
                0x000000000800292a                USBD_Start
 .text.USBD_SetClassConfig
                0x0000000008002934       0x20 Middlewares/ST/STM32_USB_Device_Library/Core/Src/usbd_core.o
                0x0000000008002934                USBD_SetClassConfig
 .text.USBD_ClrClassConfig
                0x0000000008002954       0x10 Middlewares/ST/STM32_USB_Device_Library/Core/Src/usbd_core.o
                0x0000000008002954                USBD_ClrClassConfig
 .text.USBD_LL_SetupStage
                0x0000000008002964       0x68 Middlewares/ST/STM32_USB_Device_Library/Core/Src/usbd_core.o
                0x0000000008002964                USBD_LL_SetupStage
 .text.USBD_LL_DataOutStage
                0x00000000080029cc       0x7a Middlewares/ST/STM32_USB_Device_Library/Core/Src/usbd_core.o
                0x00000000080029cc                USBD_LL_DataOutStage
 .text.USBD_LL_DataInStage
                0x0000000008002a46       0xc4 Middlewares/ST/STM32_USB_Device_Library/Core/Src/usbd_core.o
                0x0000000008002a46                USBD_LL_DataInStage
 .text.USBD_LL_Reset
                0x0000000008002b0a       0x46 Middlewares/ST/STM32_USB_Device_Library/Core/Src/usbd_core.o
                0x0000000008002b0a                USBD_LL_Reset
 .text.USBD_LL_SetSpeed
                0x0000000008002b50        0x6 Middlewares/ST/STM32_USB_Device_Library/Core/Src/usbd_core.o
                0x0000000008002b50                USBD_LL_SetSpeed
 .text.USBD_LL_Suspend
                0x0000000008002b56       0x16 Middlewares/ST/STM32_USB_Device_Library/Core/Src/usbd_core.o
                0x0000000008002b56                USBD_LL_Suspend
 .text.USBD_LL_Resume
                0x0000000008002b6c        0xe Middlewares/ST/STM32_USB_Device_Library/Core/Src/usbd_core.o
                0x0000000008002b6c                USBD_LL_Resume
 .text.USBD_LL_SOF
                0x0000000008002b7a       0x20 Middlewares/ST/STM32_USB_Device_Library/Core/Src/usbd_core.o
                0x0000000008002b7a                USBD_LL_SOF
 .text.USBD_GetLen
                0x0000000008002b9a       0x14 Middlewares/ST/STM32_USB_Device_Library/Core/Src/usbd_ctlreq.o
 .text.USBD_SetFeature
                0x0000000008002bae       0x24 Middlewares/ST/STM32_USB_Device_Library/Core/Src/usbd_ctlreq.o
 .text.USBD_ParseSetupRequest
                0x0000000008002bd2       0x28 Middlewares/ST/STM32_USB_Device_Library/Core/Src/usbd_ctlreq.o
                0x0000000008002bd2                USBD_ParseSetupRequest
 .text.USBD_CtlError
                0x0000000008002bfa       0x14 Middlewares/ST/STM32_USB_Device_Library/Core/Src/usbd_ctlreq.o
                0x0000000008002bfa                USBD_CtlError
 *fill*         0x0000000008002c0e        0x2 
 .text.USBD_GetDescriptor
                0x0000000008002c10      0x15c Middlewares/ST/STM32_USB_Device_Library/Core/Src/usbd_ctlreq.o
 .text.USBD_SetAddress
                0x0000000008002d6c       0x58 Middlewares/ST/STM32_USB_Device_Library/Core/Src/usbd_ctlreq.o
 .text.USBD_SetConfig
                0x0000000008002dc4       0xb0 Middlewares/ST/STM32_USB_Device_Library/Core/Src/usbd_ctlreq.o
 .text.USBD_GetConfig
                0x0000000008002e74       0x3c Middlewares/ST/STM32_USB_Device_Library/Core/Src/usbd_ctlreq.o
 .text.USBD_GetStatus
                0x0000000008002eb0       0x34 Middlewares/ST/STM32_USB_Device_Library/Core/Src/usbd_ctlreq.o
 .text.USBD_ClrFeature
                0x0000000008002ee4       0x38 Middlewares/ST/STM32_USB_Device_Library/Core/Src/usbd_ctlreq.o
 .text.USBD_StdDevReq
                0x0000000008002f1c       0x48 Middlewares/ST/STM32_USB_Device_Library/Core/Src/usbd_ctlreq.o
                0x0000000008002f1c                USBD_StdDevReq
 .text.USBD_StdItfReq
                0x0000000008002f64       0x3c Middlewares/ST/STM32_USB_Device_Library/Core/Src/usbd_ctlreq.o
                0x0000000008002f64                USBD_StdItfReq
 .text.USBD_StdEPReq
                0x0000000008002fa0      0x138 Middlewares/ST/STM32_USB_Device_Library/Core/Src/usbd_ctlreq.o
                0x0000000008002fa0                USBD_StdEPReq
 .text.USBD_GetString
                0x00000000080030d8       0x3c Middlewares/ST/STM32_USB_Device_Library/Core/Src/usbd_ctlreq.o
                0x00000000080030d8                USBD_GetString
 .text.USBD_CtlSendData
                0x0000000008003114       0x1c Middlewares/ST/STM32_USB_Device_Library/Core/Src/usbd_ioreq.o
                0x0000000008003114                USBD_CtlSendData
 .text.USBD_CtlContinueSendData
                0x0000000008003130       0x10 Middlewares/ST/STM32_USB_Device_Library/Core/Src/usbd_ioreq.o
                0x0000000008003130                USBD_CtlContinueSendData
 .text.USBD_CtlContinueRx
                0x0000000008003140       0x10 Middlewares/ST/STM32_USB_Device_Library/Core/Src/usbd_ioreq.o
                0x0000000008003140                USBD_CtlContinueRx
 .text.USBD_CtlSendStatus
                0x0000000008003150       0x18 Middlewares/ST/STM32_USB_Device_Library/Core/Src/usbd_ioreq.o
                0x0000000008003150                USBD_CtlSendStatus
 .text.USBD_CtlReceiveStatus
                0x0000000008003168       0x18 Middlewares/ST/STM32_USB_Device_Library/Core/Src/usbd_ioreq.o
                0x0000000008003168                USBD_CtlReceiveStatus
 .text.MX_GPIO_Init
                0x0000000008003180       0xa4 Src/main.o
 .text.MX_DMA_Init
                0x0000000008003224       0x30 Src/main.o
 .text.HAL_ADC_ConvCpltCallback
                0x0000000008003254       0x64 Src/main.o
                0x0000000008003254                HAL_ADC_ConvCpltCallback
 .text._Error_Handler
                0x00000000080032b8        0x2 Src/main.o
                0x00000000080032b8                _Error_Handler
 *fill*         0x00000000080032ba        0x2 
 .text.MX_ADC_Init
                0x00000000080032bc       0x90 Src/main.o
 .text.SystemClock_Config
                0x000000000800334c       0xa8 Src/main.o
                0x000000000800334c                SystemClock_Config
 .text.main     0x00000000080033f4      0x178 Src/main.o
                0x00000000080033f4                main
 .text.HAL_MspInit
                0x000000000800356c       0x44 Src/stm32f0xx_hal_msp.o
                0x000000000800356c                HAL_MspInit
 .text.HAL_ADC_MspInit
                0x00000000080035b0       0x88 Src/stm32f0xx_hal_msp.o
                0x00000000080035b0                HAL_ADC_MspInit
 .text.NMI_Handler
                0x0000000008003638        0x2 Src/stm32f0xx_it.o
                0x0000000008003638                NMI_Handler
 .text.HardFault_Handler
                0x000000000800363a        0x2 Src/stm32f0xx_it.o
                0x000000000800363a                HardFault_Handler
 .text.SVC_Handler
                0x000000000800363c        0x2 Src/stm32f0xx_it.o
                0x000000000800363c                SVC_Handler
 .text.PendSV_Handler
                0x000000000800363e        0x2 Src/stm32f0xx_it.o
                0x000000000800363e                PendSV_Handler
 .text.SysTick_Handler
                0x0000000008003640        0xc Src/stm32f0xx_it.o
                0x0000000008003640                SysTick_Handler
 .text.DMA1_Channel1_IRQHandler
                0x000000000800364c       0x10 Src/stm32f0xx_it.o
                0x000000000800364c                DMA1_Channel1_IRQHandler
 .text.USB_IRQHandler
                0x000000000800365c       0x10 Src/stm32f0xx_it.o
                0x000000000800365c                USB_IRQHandler
 .text.SystemInit
                0x000000000800366c       0x68 Src/system_stm32f0xx.o
                0x000000000800366c                SystemInit
 .text.MX_USB_DEVICE_Init
                0x00000000080036d4       0x2c Src/usb_device.o
                0x00000000080036d4                MX_USB_DEVICE_Init
 .text.SystemClockConfig_Resume
                0x0000000008003700        0x8 Src/usbd_conf.o
 .text.HAL_PCD_MspInit
                0x0000000008003708       0x40 Src/usbd_conf.o
                0x0000000008003708                HAL_PCD_MspInit
 .text.HAL_PCD_SetupStageCallback
                0x0000000008003748       0x14 Src/usbd_conf.o
                0x0000000008003748                HAL_PCD_SetupStageCallback
 .text.HAL_PCD_DataOutStageCallback
                0x000000000800375c       0x1e Src/usbd_conf.o
                0x000000000800375c                HAL_PCD_DataOutStageCallback
 .text.HAL_PCD_DataInStageCallback
                0x000000000800377a       0x1a Src/usbd_conf.o
                0x000000000800377a                HAL_PCD_DataInStageCallback
 .text.HAL_PCD_SOFCallback
                0x0000000008003794        0xe Src/usbd_conf.o
                0x0000000008003794                HAL_PCD_SOFCallback
 .text.HAL_PCD_ResetCallback
                0x00000000080037a2       0x18 Src/usbd_conf.o
                0x00000000080037a2                HAL_PCD_ResetCallback
 *fill*         0x00000000080037ba        0x2 
 .text.HAL_PCD_SuspendCallback
                0x00000000080037bc       0x24 Src/usbd_conf.o
                0x00000000080037bc                HAL_PCD_SuspendCallback
 .text.HAL_PCD_ResumeCallback
                0x00000000080037e0       0x2c Src/usbd_conf.o
                0x00000000080037e0                HAL_PCD_ResumeCallback
 .text.USBD_LL_Init
                0x000000000800380c       0x78 Src/usbd_conf.o
                0x000000000800380c                USBD_LL_Init
 .text.USBD_LL_Start
                0x0000000008003884       0x20 Src/usbd_conf.o
                0x0000000008003884                USBD_LL_Start
 .text.USBD_LL_OpenEP
                0x00000000080038a4       0x26 Src/usbd_conf.o
                0x00000000080038a4                USBD_LL_OpenEP
 .text.USBD_LL_CloseEP
                0x00000000080038ca       0x20 Src/usbd_conf.o
                0x00000000080038ca                USBD_LL_CloseEP
 .text.USBD_LL_StallEP
                0x00000000080038ea       0x20 Src/usbd_conf.o
                0x00000000080038ea                USBD_LL_StallEP
 .text.USBD_LL_ClearStallEP
                0x000000000800390a       0x20 Src/usbd_conf.o
                0x000000000800390a                USBD_LL_ClearStallEP
 .text.USBD_LL_IsStallEP
                0x000000000800392a       0x34 Src/usbd_conf.o
                0x000000000800392a                USBD_LL_IsStallEP
 .text.USBD_LL_SetUSBAddress
                0x000000000800395e       0x20 Src/usbd_conf.o
                0x000000000800395e                USBD_LL_SetUSBAddress
 .text.USBD_LL_Transmit
                0x000000000800397e       0x20 Src/usbd_conf.o
                0x000000000800397e                USBD_LL_Transmit
 .text.USBD_LL_PrepareReceive
                0x000000000800399e       0x20 Src/usbd_conf.o
                0x000000000800399e                USBD_LL_PrepareReceive
 *fill*         0x00000000080039be        0x2 
 .text.USBD_static_malloc
                0x00000000080039c0        0x8 Src/usbd_conf.o
                0x00000000080039c0                USBD_static_malloc
 .text.USBD_static_free
                0x00000000080039c8        0x2 Src/usbd_conf.o
                0x00000000080039c8                USBD_static_free
 *fill*         0x00000000080039ca        0x2 
 .text.USBD_FS_DeviceDescriptor
                0x00000000080039cc        0xc Src/usbd_desc.o
                0x00000000080039cc                USBD_FS_DeviceDescriptor
 .text.USBD_FS_LangIDStrDescriptor
                0x00000000080039d8       0x10 Src/usbd_desc.o
                0x00000000080039d8                USBD_FS_LangIDStrDescriptor
 .text.USBD_FS_ProductStrDescriptor
                0x00000000080039e8       0x28 Src/usbd_desc.o
                0x00000000080039e8                USBD_FS_ProductStrDescriptor
 .text.USBD_FS_ManufacturerStrDescriptor
                0x0000000008003a10       0x1c Src/usbd_desc.o
                0x0000000008003a10                USBD_FS_ManufacturerStrDescriptor
 .text.USBD_FS_SerialStrDescriptor
                0x0000000008003a2c       0x28 Src/usbd_desc.o
                0x0000000008003a2c                USBD_FS_SerialStrDescriptor
 .text.USBD_FS_ConfigStrDescriptor
                0x0000000008003a54       0x28 Src/usbd_desc.o
                0x0000000008003a54                USBD_FS_ConfigStrDescriptor
 .text.USBD_FS_InterfaceStrDescriptor
                0x0000000008003a7c       0x28 Src/usbd_desc.o
                0x0000000008003a7c                USBD_FS_InterfaceStrDescriptor
 .text.Reset_Handler
                0x0000000008003aa4       0x80 startup/startup_stm32f070x6.o
                0x0000000008003aa4                Reset_Handler
 .text.Default_Handler
                0x0000000008003b24        0x2 startup/startup_stm32f070x6.o
                0x0000000008003b24                TIM1_BRK_UP_TRG_COM_IRQHandler
                0x0000000008003b24                I2C1_IRQHandler
                0x0000000008003b24                SPI1_IRQHandler
                0x0000000008003b24                EXTI2_3_IRQHandler
                0x0000000008003b24                ADC1_IRQHandler
                0x0000000008003b24                TIM17_IRQHandler
                0x0000000008003b24                RTC_IRQHandler
                0x0000000008003b24                TIM16_IRQHandler
                0x0000000008003b24                TIM3_IRQHandler
                0x0000000008003b24                EXTI4_15_IRQHandler
                0x0000000008003b24                RCC_IRQHandler
                0x0000000008003b24                Default_Handler
                0x0000000008003b24                TIM14_IRQHandler
                0x0000000008003b24                DMA1_Channel4_5_IRQHandler
                0x0000000008003b24                EXTI0_1_IRQHandler
                0x0000000008003b24                WWDG_IRQHandler
                0x0000000008003b24                DMA1_Channel2_3_IRQHandler
                0x0000000008003b24                USART2_IRQHandler
                0x0000000008003b24                FLASH_IRQHandler
                0x0000000008003b24                USART1_IRQHandler
                0x0000000008003b24                TIM1_CC_IRQHandler
 *fill*         0x0000000008003b26        0x2 
 .text.__libc_init_array
                0x0000000008003b28       0x48 /Users/mitchellbond/.p2/pool/plugins/fr.ac6.mcu.externaltools.arm-none.macos64_1.15.0.201708311556/tools/compiler/bin/../lib/gcc/arm-none-eabi/6.3.1/../../../../arm-none-eabi/lib/thumb/v6-m/libc_nano.a(lib_a-init.o)
                0x0000000008003b28                __libc_init_array
 *(.glue_7)
 .glue_7        0x0000000008003b70        0x0 linker stubs
 *(.glue_7t)
 .glue_7t       0x0000000008003b70        0x0 linker stubs
 *(.eh_frame)
 .eh_frame      0x0000000008003b70        0x0 /Users/mitchellbond/.p2/pool/plugins/fr.ac6.mcu.externaltools.arm-none.macos64_1.15.0.201708311556/tools/compiler/bin/../lib/gcc/arm-none-eabi/6.3.1/thumb/v6-m/crtbegin.o
 *(.init)
 .init          0x0000000008003b70        0x4 /Users/mitchellbond/.p2/pool/plugins/fr.ac6.mcu.externaltools.arm-none.macos64_1.15.0.201708311556/tools/compiler/bin/../lib/gcc/arm-none-eabi/6.3.1/thumb/v6-m/crti.o
                0x0000000008003b70                _init
 .init          0x0000000008003b74        0x8 /Users/mitchellbond/.p2/pool/plugins/fr.ac6.mcu.externaltools.arm-none.macos64_1.15.0.201708311556/tools/compiler/bin/../lib/gcc/arm-none-eabi/6.3.1/thumb/v6-m/crtn.o
 *(.fini)
 .fini          0x0000000008003b7c        0x4 /Users/mitchellbond/.p2/pool/plugins/fr.ac6.mcu.externaltools.arm-none.macos64_1.15.0.201708311556/tools/compiler/bin/../lib/gcc/arm-none-eabi/6.3.1/thumb/v6-m/crti.o
                0x0000000008003b7c                _fini
 .fini          0x0000000008003b80        0x8 /Users/mitchellbond/.p2/pool/plugins/fr.ac6.mcu.externaltools.arm-none.macos64_1.15.0.201708311556/tools/compiler/bin/../lib/gcc/arm-none-eabi/6.3.1/thumb/v6-m/crtn.o
                0x0000000008003b88                . = ALIGN (0x4)
                0x0000000008003b88                _etext = .

.vfp11_veneer   0x0000000008003b88        0x0
 .vfp11_veneer  0x0000000008003b88        0x0 linker stubs

.v4_bx          0x0000000008003b88        0x0
 .v4_bx         0x0000000008003b88        0x0 linker stubs

.iplt           0x0000000008003b88        0x0
 .iplt          0x0000000008003b88        0x0 /Users/mitchellbond/.p2/pool/plugins/fr.ac6.mcu.externaltools.arm-none.macos64_1.15.0.201708311556/tools/compiler/bin/../lib/gcc/arm-none-eabi/6.3.1/thumb/v6-m/crtbegin.o

.rodata         0x0000000008003b88      0x130
                0x0000000008003b88                . = ALIGN (0x4)
 *(.rodata)
 .rodata        0x0000000008003b88       0x20 Drivers/STM32F0xx_HAL_Driver/Src/stm32f0xx_hal_rcc.o
 .rodata        0x0000000008003ba8       0x60 Middlewares/ST/STM32_USB_Device_Library/Core/Src/usbd_ctlreq.o
 .rodata        0x0000000008003c08       0x18 Src/system_stm32f0xx.o
                0x0000000008003c08                AHBPrescTable
                0x0000000008003c18                APBPrescTable
 *(.rodata*)
 .rodata.str1.4
                0x0000000008003c20        0xe Src/main.o
 *fill*         0x0000000008003c2e        0x2 
 .rodata.str1.4
                0x0000000008003c30       0x1b Src/stm32f0xx_hal_msp.o
 *fill*         0x0000000008003c4b        0x1 
 .rodata.str1.4
                0x0000000008003c4c       0x13 Src/usbd_conf.o
 *fill*         0x0000000008003c5f        0x1 
 .rodata.str1.4
                0x0000000008003c60       0x58 Src/usbd_desc.o
                                         0x56 (size before relaxing)
                0x0000000008003cb8                . = ALIGN (0x4)

.rel.dyn        0x0000000008003cb8        0x0
 .rel.iplt      0x0000000008003cb8        0x0 /Users/mitchellbond/.p2/pool/plugins/fr.ac6.mcu.externaltools.arm-none.macos64_1.15.0.201708311556/tools/compiler/bin/../lib/gcc/arm-none-eabi/6.3.1/thumb/v6-m/crtbegin.o

.ARM.extab
 *(.ARM.extab* .gnu.linkonce.armextab.*)

.ARM            0x0000000008003cb8        0x0
                0x0000000008003cb8                __exidx_start = .
 *(.ARM.exidx*)
                0x0000000008003cb8                __exidx_end = .

.preinit_array  0x0000000008003cb8        0x0
                0x0000000008003cb8                PROVIDE (__preinit_array_start, .)
 *(.preinit_array*)
                0x0000000008003cb8                PROVIDE (__preinit_array_end, .)

.init_array     0x0000000008003cb8        0x4
                0x0000000008003cb8                PROVIDE (__init_array_start, .)
 *(SORT(.init_array.*))
 *(.init_array*)
 .init_array    0x0000000008003cb8        0x4 /Users/mitchellbond/.p2/pool/plugins/fr.ac6.mcu.externaltools.arm-none.macos64_1.15.0.201708311556/tools/compiler/bin/../lib/gcc/arm-none-eabi/6.3.1/thumb/v6-m/crtbegin.o
                0x0000000008003cbc                PROVIDE (__init_array_end, .)

.fini_array     0x0000000008003cbc        0x4
                [!provide]                        PROVIDE (__fini_array_start, .)
 *(SORT(.fini_array.*))
 *(.fini_array*)
 .fini_array    0x0000000008003cbc        0x4 /Users/mitchellbond/.p2/pool/plugins/fr.ac6.mcu.externaltools.arm-none.macos64_1.15.0.201708311556/tools/compiler/bin/../lib/gcc/arm-none-eabi/6.3.1/thumb/v6-m/crtbegin.o
                [!provide]                        PROVIDE (__fini_array_end, .)
                0x0000000008003cc0                _sidata = LOADADDR (.data)

.data           0x0000000020000000      0x104 load address 0x0000000008003cc0
                0x0000000020000000                . = ALIGN (0x4)
                0x0000000020000000                _sdata = .
 *(.data)
 .data          0x0000000020000000       0xac Middlewares/ST/STM32_USB_Device_Library/Class/HID/Src/usbd_hid.o
                0x0000000020000074                USBD_HID
 .data          0x00000000200000ac       0x20 Src/main.o
                0x00000000200000ac                ledArrayPorts
 .data          0x00000000200000cc        0x4 Src/system_stm32f0xx.o
                0x00000000200000cc                SystemCoreClock
 .data          0x00000000200000d0       0x34 Src/usbd_desc.o
                0x00000000200000d0                USBD_FS_DeviceDesc
                0x00000000200000e4                USBD_LangIDDesc
                0x00000000200000e8                FS_Desc
 *(.data*)
                0x0000000020000104                . = ALIGN (0x4)
                0x0000000020000104                _edata = .

.jcr            0x0000000020000104        0x0 load address 0x0000000008003dc4
 .jcr           0x0000000020000104        0x0 /Users/mitchellbond/.p2/pool/plugins/fr.ac6.mcu.externaltools.arm-none.macos64_1.15.0.201708311556/tools/compiler/bin/../lib/gcc/arm-none-eabi/6.3.1/thumb/v6-m/crtbegin.o

.igot.plt       0x0000000020000104        0x0 load address 0x0000000008003dc4
 .igot.plt      0x0000000020000104        0x0 /Users/mitchellbond/.p2/pool/plugins/fr.ac6.mcu.externaltools.arm-none.macos64_1.15.0.201708311556/tools/compiler/bin/../lib/gcc/arm-none-eabi/6.3.1/thumb/v6-m/crtbegin.o
                0x0000000020000104                . = ALIGN (0x4)

.bss            0x0000000020000104      0x748 load address 0x0000000008003dc4
                0x0000000020000104                _sbss = .
                0x0000000020000104                __bss_start__ = _sbss
 *(.bss)
 .bss           0x0000000020000104       0x1c /Users/mitchellbond/.p2/pool/plugins/fr.ac6.mcu.externaltools.arm-none.macos64_1.15.0.201708311556/tools/compiler/bin/../lib/gcc/arm-none-eabi/6.3.1/thumb/v6-m/crtbegin.o
 .bss           0x0000000020000120        0x1 Middlewares/ST/STM32_USB_Device_Library/Core/Src/usbd_ctlreq.o
 *fill*         0x0000000020000121        0x3 
 .bss           0x0000000020000124       0x14 Src/usbd_conf.o
 *(.bss*)
 *(COMMON)
 COMMON         0x0000000020000138        0x4 Drivers/STM32F0xx_HAL_Driver/Src/stm32f0xx_hal.o
                0x0000000020000138                uwTick
 COMMON         0x000000002000013c       0xcc Src/main.o
                0x000000002000013c                yoke1
                0x0000000020000140                adcData1
                0x0000000020000144                buffer
                0x0000000020000148                yoke2
                0x000000002000014c                adcData2
                0x0000000020000150                hdma_adc
                0x0000000020000194                hadc
                0x00000000200001e0                ADC1ConvertedValues
 COMMON         0x0000000020000208      0x224 Src/usb_device.o
                0x0000000020000208                hUsbDeviceFS
 COMMON         0x000000002000042c      0x220 Src/usbd_conf.o
                0x000000002000042c                hpcd_USB_FS
 COMMON         0x000000002000064c      0x200 Src/usbd_desc.o
                0x000000002000064c                USBD_StrDesc
                0x000000002000084c                . = ALIGN (0x4)
                0x000000002000084c                _ebss = .
                0x000000002000084c                __bss_end__ = _ebss

._user_heap_stack
                0x000000002000084c      0x604 load address 0x0000000008003dc4
                0x0000000020000850                . = ALIGN (0x8)
 *fill*         0x000000002000084c        0x4 
                [!provide]                        PROVIDE (end, .)
                [!provide]                        PROVIDE (_end, .)
                0x0000000020000a50                . = (. + _Min_Heap_Size)
 *fill*         0x0000000020000850      0x200 
                0x0000000020000e50                . = (. + _Min_Stack_Size)
 *fill*         0x0000000020000a50      0x400 
                0x0000000020000e50                . = ALIGN (0x8)

/DISCARD/
 libc.a(*)
 libm.a(*)
 libgcc.a(*)

.ARM.attributes
                0x0000000000000000       0x28
 *(.ARM.attributes)
 .ARM.attributes
                0x0000000000000000       0x1e /Users/mitchellbond/.p2/pool/plugins/fr.ac6.mcu.externaltools.arm-none.macos64_1.15.0.201708311556/tools/compiler/bin/../lib/gcc/arm-none-eabi/6.3.1/thumb/v6-m/crti.o
 .ARM.attributes
                0x000000000000001e       0x2c /Users/mitchellbond/.p2/pool/plugins/fr.ac6.mcu.externaltools.arm-none.macos64_1.15.0.201708311556/tools/compiler/bin/../lib/gcc/arm-none-eabi/6.3.1/thumb/v6-m/crtbegin.o
 .ARM.attributes
                0x000000000000004a       0x31 Drivers/STM32F0xx_HAL_Driver/Src/stm32f0xx_hal.o
 .ARM.attributes
                0x000000000000007b       0x31 Drivers/STM32F0xx_HAL_Driver/Src/stm32f0xx_hal_adc.o
 .ARM.attributes
                0x00000000000000ac       0x31 Drivers/STM32F0xx_HAL_Driver/Src/stm32f0xx_hal_cortex.o
 .ARM.attributes
                0x00000000000000dd       0x31 Drivers/STM32F0xx_HAL_Driver/Src/stm32f0xx_hal_dma.o
 .ARM.attributes
                0x000000000000010e       0x31 Drivers/STM32F0xx_HAL_Driver/Src/stm32f0xx_hal_gpio.o
 .ARM.attributes
                0x000000000000013f       0x31 Drivers/STM32F0xx_HAL_Driver/Src/stm32f0xx_hal_pcd.o
 .ARM.attributes
                0x0000000000000170       0x31 Drivers/STM32F0xx_HAL_Driver/Src/stm32f0xx_hal_pcd_ex.o
 .ARM.attributes
                0x00000000000001a1       0x31 Drivers/STM32F0xx_HAL_Driver/Src/stm32f0xx_hal_rcc.o
 .ARM.attributes
                0x00000000000001d2       0x31 Drivers/STM32F0xx_HAL_Driver/Src/stm32f0xx_hal_rcc_ex.o
 .ARM.attributes
                0x0000000000000203       0x31 Middlewares/ST/STM32_USB_Device_Library/Class/HID/Src/usbd_hid.o
 .ARM.attributes
                0x0000000000000234       0x31 Middlewares/ST/STM32_USB_Device_Library/Core/Src/usbd_core.o
 .ARM.attributes
                0x0000000000000265       0x31 Middlewares/ST/STM32_USB_Device_Library/Core/Src/usbd_ctlreq.o
 .ARM.attributes
                0x0000000000000296       0x31 Middlewares/ST/STM32_USB_Device_Library/Core/Src/usbd_ioreq.o
 .ARM.attributes
                0x00000000000002c7       0x31 Src/main.o
 .ARM.attributes
                0x00000000000002f8       0x31 Src/stm32f0xx_hal_msp.o
 .ARM.attributes
                0x0000000000000329       0x31 Src/stm32f0xx_it.o
 .ARM.attributes
                0x000000000000035a       0x31 Src/system_stm32f0xx.o
 .ARM.attributes
                0x000000000000038b       0x31 Src/usb_device.o
 .ARM.attributes
                0x00000000000003bc       0x31 Src/usbd_conf.o
 .ARM.attributes
                0x00000000000003ed       0x31 Src/usbd_desc.o
 .ARM.attributes
                0x000000000000041e       0x21 startup/startup_stm32f070x6.o
 .ARM.attributes
                0x000000000000043f       0x1e /Users/mitchellbond/.p2/pool/plugins/fr.ac6.mcu.externaltools.arm-none.macos64_1.15.0.201708311556/tools/compiler/bin/../lib/gcc/arm-none-eabi/6.3.1/thumb/v6-m/libgcc.a(_udivsi3.o)
 .ARM.attributes
                0x000000000000045d       0x1e /Users/mitchellbond/.p2/pool/plugins/fr.ac6.mcu.externaltools.arm-none.macos64_1.15.0.201708311556/tools/compiler/bin/../lib/gcc/arm-none-eabi/6.3.1/thumb/v6-m/libgcc.a(_dvmd_tls.o)
 .ARM.attributes
                0x000000000000047b       0x2c /Users/mitchellbond/.p2/pool/plugins/fr.ac6.mcu.externaltools.arm-none.macos64_1.15.0.201708311556/tools/compiler/bin/../lib/gcc/arm-none-eabi/6.3.1/../../../../arm-none-eabi/lib/thumb/v6-m/libc_nano.a(lib_a-init.o)
 .ARM.attributes
                0x00000000000004a7       0x1e /Users/mitchellbond/.p2/pool/plugins/fr.ac6.mcu.externaltools.arm-none.macos64_1.15.0.201708311556/tools/compiler/bin/../lib/gcc/arm-none-eabi/6.3.1/thumb/v6-m/crtn.o
OUTPUT(Atari_Yoke.elf elf32-littlearm)

.debug_info     0x0000000000000000    0x168b5
 .debug_info    0x0000000000000000      0xe4f Drivers/STM32F0xx_HAL_Driver/Src/stm32f0xx_hal.o
 .debug_info    0x0000000000000e4f     0x167a Drivers/STM32F0xx_HAL_Driver/Src/stm32f0xx_hal_adc.o
 .debug_info    0x00000000000024c9      0xfc5 Drivers/STM32F0xx_HAL_Driver/Src/stm32f0xx_hal_cortex.o
 .debug_info    0x000000000000348e     0x1029 Drivers/STM32F0xx_HAL_Driver/Src/stm32f0xx_hal_dma.o
 .debug_info    0x00000000000044b7      0xe60 Drivers/STM32F0xx_HAL_Driver/Src/stm32f0xx_hal_gpio.o
 .debug_info    0x0000000000005317     0x1b71 Drivers/STM32F0xx_HAL_Driver/Src/stm32f0xx_hal_pcd.o
 .debug_info    0x0000000000006e88      0xdc1 Drivers/STM32F0xx_HAL_Driver/Src/stm32f0xx_hal_pcd_ex.o
 .debug_info    0x0000000000007c49     0x113f Drivers/STM32F0xx_HAL_Driver/Src/stm32f0xx_hal_rcc.o
 .debug_info    0x0000000000008d88      0xc47 Drivers/STM32F0xx_HAL_Driver/Src/stm32f0xx_hal_rcc_ex.o
 .debug_info    0x00000000000099cf     0x1159 Middlewares/ST/STM32_USB_Device_Library/Class/HID/Src/usbd_hid.o
 .debug_info    0x000000000000ab28     0x146a Middlewares/ST/STM32_USB_Device_Library/Core/Src/usbd_core.o
 .debug_info    0x000000000000bf92     0x1682 Middlewares/ST/STM32_USB_Device_Library/Core/Src/usbd_ctlreq.o
 .debug_info    0x000000000000d614      0xfb2 Middlewares/ST/STM32_USB_Device_Library/Core/Src/usbd_ioreq.o
 .debug_info    0x000000000000e5c6     0x1cf9 Src/main.o
 .debug_info    0x00000000000102bf     0x115c Src/stm32f0xx_hal_msp.o
 .debug_info    0x000000000001141b      0xfec Src/stm32f0xx_it.o
 .debug_info    0x0000000000012407      0xa7b Src/system_stm32f0xx.o
 .debug_info    0x0000000000012e82      0xd98 Src/usb_device.o
 .debug_info    0x0000000000013c1a     0x1ee9 Src/usbd_conf.o
 .debug_info    0x0000000000015b03      0xd32 Src/usbd_desc.o
 .debug_info    0x0000000000016835       0x80 startup/startup_stm32f070x6.o

.debug_abbrev   0x0000000000000000     0x3526
 .debug_abbrev  0x0000000000000000      0x2f4 Drivers/STM32F0xx_HAL_Driver/Src/stm32f0xx_hal.o
 .debug_abbrev  0x00000000000002f4      0x2ec Drivers/STM32F0xx_HAL_Driver/Src/stm32f0xx_hal_adc.o
 .debug_abbrev  0x00000000000005e0      0x326 Drivers/STM32F0xx_HAL_Driver/Src/stm32f0xx_hal_cortex.o
 .debug_abbrev  0x0000000000000906      0x2ce Drivers/STM32F0xx_HAL_Driver/Src/stm32f0xx_hal_dma.o
 .debug_abbrev  0x0000000000000bd4      0x2a5 Drivers/STM32F0xx_HAL_Driver/Src/stm32f0xx_hal_gpio.o
 .debug_abbrev  0x0000000000000e79      0x374 Drivers/STM32F0xx_HAL_Driver/Src/stm32f0xx_hal_pcd.o
 .debug_abbrev  0x00000000000011ed      0x207 Drivers/STM32F0xx_HAL_Driver/Src/stm32f0xx_hal_pcd_ex.o
 .debug_abbrev  0x00000000000013f4      0x2e8 Drivers/STM32F0xx_HAL_Driver/Src/stm32f0xx_hal_rcc.o
 .debug_abbrev  0x00000000000016dc      0x2a3 Drivers/STM32F0xx_HAL_Driver/Src/stm32f0xx_hal_rcc_ex.o
 .debug_abbrev  0x000000000000197f      0x287 Middlewares/ST/STM32_USB_Device_Library/Class/HID/Src/usbd_hid.o
 .debug_abbrev  0x0000000000001c06      0x2bf Middlewares/ST/STM32_USB_Device_Library/Core/Src/usbd_core.o
 .debug_abbrev  0x0000000000001ec5      0x320 Middlewares/ST/STM32_USB_Device_Library/Core/Src/usbd_ctlreq.o
 .debug_abbrev  0x00000000000021e5      0x20c Middlewares/ST/STM32_USB_Device_Library/Core/Src/usbd_ioreq.o
 .debug_abbrev  0x00000000000023f1      0x301 Src/main.o
 .debug_abbrev  0x00000000000026f2      0x25d Src/stm32f0xx_hal_msp.o
 .debug_abbrev  0x000000000000294f      0x22c Src/stm32f0xx_it.o
 .debug_abbrev  0x0000000000002b7b      0x205 Src/system_stm32f0xx.o
 .debug_abbrev  0x0000000000002d80      0x206 Src/usb_device.o
 .debug_abbrev  0x0000000000002f86      0x323 Src/usbd_conf.o
 .debug_abbrev  0x00000000000032a9      0x26b Src/usbd_desc.o
 .debug_abbrev  0x0000000000003514       0x12 startup/startup_stm32f070x6.o

.debug_loc      0x0000000000000000     0x62b1
 .debug_loc     0x0000000000000000       0x7c Drivers/STM32F0xx_HAL_Driver/Src/stm32f0xx_hal.o
 .debug_loc     0x000000000000007c      0xc12 Drivers/STM32F0xx_HAL_Driver/Src/stm32f0xx_hal_adc.o
 .debug_loc     0x0000000000000c8e      0x393 Drivers/STM32F0xx_HAL_Driver/Src/stm32f0xx_hal_cortex.o
 .debug_loc     0x0000000000001021      0x7ee Drivers/STM32F0xx_HAL_Driver/Src/stm32f0xx_hal_dma.o
 .debug_loc     0x000000000000180f      0x2b2 Drivers/STM32F0xx_HAL_Driver/Src/stm32f0xx_hal_gpio.o
 .debug_loc     0x0000000000001ac1     0x138e Drivers/STM32F0xx_HAL_Driver/Src/stm32f0xx_hal_pcd.o
 .debug_loc     0x0000000000002e4f       0xea Drivers/STM32F0xx_HAL_Driver/Src/stm32f0xx_hal_pcd_ex.o
 .debug_loc     0x0000000000002f39      0x421 Drivers/STM32F0xx_HAL_Driver/Src/stm32f0xx_hal_rcc.o
 .debug_loc     0x000000000000335a      0x4e9 Drivers/STM32F0xx_HAL_Driver/Src/stm32f0xx_hal_rcc_ex.o
 .debug_loc     0x0000000000003843      0x4f9 Middlewares/ST/STM32_USB_Device_Library/Class/HID/Src/usbd_hid.o
 .debug_loc     0x0000000000003d3c      0x75d Middlewares/ST/STM32_USB_Device_Library/Core/Src/usbd_core.o
 .debug_loc     0x0000000000004499      0xb59 Middlewares/ST/STM32_USB_Device_Library/Core/Src/usbd_ctlreq.o
 .debug_loc     0x0000000000004ff2      0x23c Middlewares/ST/STM32_USB_Device_Library/Core/Src/usbd_ioreq.o
 .debug_loc     0x000000000000522e       0x40 Src/main.o
 .debug_loc     0x000000000000526e       0x84 Src/stm32f0xx_hal_msp.o
 .debug_loc     0x00000000000052f2       0xf3 Src/system_stm32f0xx.o
 .debug_loc     0x00000000000053e5      0xc15 Src/usbd_conf.o
 .debug_loc     0x0000000000005ffa      0x2b7 Src/usbd_desc.o

.debug_aranges  0x0000000000000000      0x998
 .debug_aranges
                0x0000000000000000       0xb8 Drivers/STM32F0xx_HAL_Driver/Src/stm32f0xx_hal.o
 .debug_aranges
                0x00000000000000b8       0xf8 Drivers/STM32F0xx_HAL_Driver/Src/stm32f0xx_hal_adc.o
 .debug_aranges
                0x00000000000001b0       0x78 Drivers/STM32F0xx_HAL_Driver/Src/stm32f0xx_hal_cortex.o
 .debug_aranges
                0x0000000000000228       0x88 Drivers/STM32F0xx_HAL_Driver/Src/stm32f0xx_hal_dma.o
 .debug_aranges
                0x00000000000002b0       0x58 Drivers/STM32F0xx_HAL_Driver/Src/stm32f0xx_hal_gpio.o
 .debug_aranges
                0x0000000000000308      0x130 Drivers/STM32F0xx_HAL_Driver/Src/stm32f0xx_hal_pcd.o
 .debug_aranges
                0x0000000000000438       0x20 Drivers/STM32F0xx_HAL_Driver/Src/stm32f0xx_hal_pcd_ex.o
 .debug_aranges
                0x0000000000000458       0x80 Drivers/STM32F0xx_HAL_Driver/Src/stm32f0xx_hal_rcc.o
 .debug_aranges
                0x00000000000004d8       0x30 Drivers/STM32F0xx_HAL_Driver/Src/stm32f0xx_hal_rcc_ex.o
 .debug_aranges
                0x0000000000000508       0x58 Middlewares/ST/STM32_USB_Device_Library/Class/HID/Src/usbd_hid.o
 .debug_aranges
                0x0000000000000560       0xb8 Middlewares/ST/STM32_USB_Device_Library/Core/Src/usbd_core.o
 .debug_aranges
                0x0000000000000618       0x88 Middlewares/ST/STM32_USB_Device_Library/Core/Src/usbd_ctlreq.o
 .debug_aranges
                0x00000000000006a0       0x50 Middlewares/ST/STM32_USB_Device_Library/Core/Src/usbd_ioreq.o
 .debug_aranges
                0x00000000000006f0       0x50 Src/main.o
 .debug_aranges
                0x0000000000000740       0x30 Src/stm32f0xx_hal_msp.o
 .debug_aranges
                0x0000000000000770       0x50 Src/stm32f0xx_it.o
 .debug_aranges
                0x00000000000007c0       0x28 Src/system_stm32f0xx.o
 .debug_aranges
                0x00000000000007e8       0x20 Src/usb_device.o
 .debug_aranges
                0x0000000000000808      0x118 Src/usbd_conf.o
 .debug_aranges
                0x0000000000000920       0x50 Src/usbd_desc.o
 .debug_aranges
                0x0000000000000970       0x28 startup/startup_stm32f070x6.o

.debug_ranges   0x0000000000000000      0x9b8
 .debug_ranges  0x0000000000000000       0xa8 Drivers/STM32F0xx_HAL_Driver/Src/stm32f0xx_hal.o
 .debug_ranges  0x00000000000000a8       0xe8 Drivers/STM32F0xx_HAL_Driver/Src/stm32f0xx_hal_adc.o
 .debug_ranges  0x0000000000000190       0xb0 Drivers/STM32F0xx_HAL_Driver/Src/stm32f0xx_hal_cortex.o
 .debug_ranges  0x0000000000000240       0x78 Drivers/STM32F0xx_HAL_Driver/Src/stm32f0xx_hal_dma.o
 .debug_ranges  0x00000000000002b8       0x48 Drivers/STM32F0xx_HAL_Driver/Src/stm32f0xx_hal_gpio.o
 .debug_ranges  0x0000000000000300      0x210 Drivers/STM32F0xx_HAL_Driver/Src/stm32f0xx_hal_pcd.o
 .debug_ranges  0x0000000000000510       0x10 Drivers/STM32F0xx_HAL_Driver/Src/stm32f0xx_hal_pcd_ex.o
 .debug_ranges  0x0000000000000520       0x88 Drivers/STM32F0xx_HAL_Driver/Src/stm32f0xx_hal_rcc.o
 .debug_ranges  0x00000000000005a8       0x38 Drivers/STM32F0xx_HAL_Driver/Src/stm32f0xx_hal_rcc_ex.o
 .debug_ranges  0x00000000000005e0       0x48 Middlewares/ST/STM32_USB_Device_Library/Class/HID/Src/usbd_hid.o
 .debug_ranges  0x0000000000000628       0xa8 Middlewares/ST/STM32_USB_Device_Library/Core/Src/usbd_core.o
 .debug_ranges  0x00000000000006d0       0x78 Middlewares/ST/STM32_USB_Device_Library/Core/Src/usbd_ctlreq.o
 .debug_ranges  0x0000000000000748       0x40 Middlewares/ST/STM32_USB_Device_Library/Core/Src/usbd_ioreq.o
 .debug_ranges  0x0000000000000788       0x40 Src/main.o
 .debug_ranges  0x00000000000007c8       0x20 Src/stm32f0xx_hal_msp.o
 .debug_ranges  0x00000000000007e8       0x40 Src/stm32f0xx_it.o
 .debug_ranges  0x0000000000000828       0x18 Src/system_stm32f0xx.o
 .debug_ranges  0x0000000000000840       0x10 Src/usb_device.o
 .debug_ranges  0x0000000000000850      0x108 Src/usbd_conf.o
 .debug_ranges  0x0000000000000958       0x40 Src/usbd_desc.o
 .debug_ranges  0x0000000000000998       0x20 startup/startup_stm32f070x6.o

.debug_macro    0x0000000000000000     0xf578
 .debug_macro   0x0000000000000000      0x332 Drivers/STM32F0xx_HAL_Driver/Src/stm32f0xx_hal.o
 .debug_macro   0x0000000000000332      0x8aa Drivers/STM32F0xx_HAL_Driver/Src/stm32f0xx_hal.o
 .debug_macro   0x0000000000000bdc       0xe8 Drivers/STM32F0xx_HAL_Driver/Src/stm32f0xx_hal.o
 .debug_macro   0x0000000000000cc4       0xab Drivers/STM32F0xx_HAL_Driver/Src/stm32f0xx_hal.o
 .debug_macro   0x0000000000000d6f       0x2e Drivers/STM32F0xx_HAL_Driver/Src/stm32f0xx_hal.o
 .debug_macro   0x0000000000000d9d       0x22 Drivers/STM32F0xx_HAL_Driver/Src/stm32f0xx_hal.o
 .debug_macro   0x0000000000000dbf       0x22 Drivers/STM32F0xx_HAL_Driver/Src/stm32f0xx_hal.o
 .debug_macro   0x0000000000000de1       0x87 Drivers/STM32F0xx_HAL_Driver/Src/stm32f0xx_hal.o
 .debug_macro   0x0000000000000e68       0x51 Drivers/STM32F0xx_HAL_Driver/Src/stm32f0xx_hal.o
 .debug_macro   0x0000000000000eb9       0xef Drivers/STM32F0xx_HAL_Driver/Src/stm32f0xx_hal.o
 .debug_macro   0x0000000000000fa8       0x6a Drivers/STM32F0xx_HAL_Driver/Src/stm32f0xx_hal.o
 .debug_macro   0x0000000000001012      0x1df Drivers/STM32F0xx_HAL_Driver/Src/stm32f0xx_hal.o
 .debug_macro   0x00000000000011f1       0x34 Drivers/STM32F0xx_HAL_Driver/Src/stm32f0xx_hal.o
 .debug_macro   0x0000000000001225       0x26 Drivers/STM32F0xx_HAL_Driver/Src/stm32f0xx_hal.o
 .debug_macro   0x000000000000124b      0x30d Drivers/STM32F0xx_HAL_Driver/Src/stm32f0xx_hal.o
 .debug_macro   0x0000000000001558     0x72ce Drivers/STM32F0xx_HAL_Driver/Src/stm32f0xx_hal.o
 .debug_macro   0x0000000000008826       0x3c Drivers/STM32F0xx_HAL_Driver/Src/stm32f0xx_hal.o
 .debug_macro   0x0000000000008862       0x58 Drivers/STM32F0xx_HAL_Driver/Src/stm32f0xx_hal.o
 .debug_macro   0x00000000000088ba       0x35 Drivers/STM32F0xx_HAL_Driver/Src/stm32f0xx_hal.o
 .debug_macro   0x00000000000088ef       0x9c Drivers/STM32F0xx_HAL_Driver/Src/stm32f0xx_hal.o
 .debug_macro   0x000000000000898b       0x16 Drivers/STM32F0xx_HAL_Driver/Src/stm32f0xx_hal.o
 .debug_macro   0x00000000000089a1       0x97 Drivers/STM32F0xx_HAL_Driver/Src/stm32f0xx_hal.o
 .debug_macro   0x0000000000008a38      0x330 Drivers/STM32F0xx_HAL_Driver/Src/stm32f0xx_hal.o
 .debug_macro   0x0000000000008d68       0xfd Drivers/STM32F0xx_HAL_Driver/Src/stm32f0xx_hal.o
 .debug_macro   0x0000000000008e65       0x10 Drivers/STM32F0xx_HAL_Driver/Src/stm32f0xx_hal.o
 .debug_macro   0x0000000000008e75       0x58 Drivers/STM32F0xx_HAL_Driver/Src/stm32f0xx_hal.o
 .debug_macro   0x0000000000008ecd       0x1f Drivers/STM32F0xx_HAL_Driver/Src/stm32f0xx_hal.o
 .debug_macro   0x0000000000008eec       0x43 Drivers/STM32F0xx_HAL_Driver/Src/stm32f0xx_hal.o
 .debug_macro   0x0000000000008f2f       0x20 Drivers/STM32F0xx_HAL_Driver/Src/stm32f0xx_hal.o
 .debug_macro   0x0000000000008f4f      0x187 Drivers/STM32F0xx_HAL_Driver/Src/stm32f0xx_hal.o
 .debug_macro   0x00000000000090d6       0x10 Drivers/STM32F0xx_HAL_Driver/Src/stm32f0xx_hal.o
 .debug_macro   0x00000000000090e6       0x1c Drivers/STM32F0xx_HAL_Driver/Src/stm32f0xx_hal.o
 .debug_macro   0x0000000000009102       0x52 Drivers/STM32F0xx_HAL_Driver/Src/stm32f0xx_hal.o
 .debug_macro   0x0000000000009154       0x40 Drivers/STM32F0xx_HAL_Driver/Src/stm32f0xx_hal.o
 .debug_macro   0x0000000000009194       0x10 Drivers/STM32F0xx_HAL_Driver/Src/stm32f0xx_hal.o
 .debug_macro   0x00000000000091a4       0x40 Drivers/STM32F0xx_HAL_Driver/Src/stm32f0xx_hal.o
 .debug_macro   0x00000000000091e4       0xd7 Drivers/STM32F0xx_HAL_Driver/Src/stm32f0xx_hal.o
 .debug_macro   0x00000000000092bb       0x16 Drivers/STM32F0xx_HAL_Driver/Src/stm32f0xx_hal.o
 .debug_macro   0x00000000000092d1      0x18b Drivers/STM32F0xx_HAL_Driver/Src/stm32f0xx_hal.o
 .debug_macro   0x000000000000945c       0x49 Drivers/STM32F0xx_HAL_Driver/Src/stm32f0xx_hal.o
 .debug_macro   0x00000000000094a5      0x92f Drivers/STM32F0xx_HAL_Driver/Src/stm32f0xx_hal.o
 .debug_macro   0x0000000000009dd4      0x19b Drivers/STM32F0xx_HAL_Driver/Src/stm32f0xx_hal.o
 .debug_macro   0x0000000000009f6f      0x13a Drivers/STM32F0xx_HAL_Driver/Src/stm32f0xx_hal.o
 .debug_macro   0x000000000000a0a9       0xea Drivers/STM32F0xx_HAL_Driver/Src/stm32f0xx_hal.o
 .debug_macro   0x000000000000a193      0x1ed Drivers/STM32F0xx_HAL_Driver/Src/stm32f0xx_hal.o
 .debug_macro   0x000000000000a380       0x34 Drivers/STM32F0xx_HAL_Driver/Src/stm32f0xx_hal.o
 .debug_macro   0x000000000000a3b4       0x43 Drivers/STM32F0xx_HAL_Driver/Src/stm32f0xx_hal.o
 .debug_macro   0x000000000000a3f7       0x28 Drivers/STM32F0xx_HAL_Driver/Src/stm32f0xx_hal.o
 .debug_macro   0x000000000000a41f      0x33d Drivers/STM32F0xx_HAL_Driver/Src/stm32f0xx_hal.o
 .debug_macro   0x000000000000a75c       0xbc Drivers/STM32F0xx_HAL_Driver/Src/stm32f0xx_hal.o
 .debug_macro   0x000000000000a818       0xb6 Drivers/STM32F0xx_HAL_Driver/Src/stm32f0xx_hal.o
 .debug_macro   0x000000000000a8ce      0x15a Drivers/STM32F0xx_HAL_Driver/Src/stm32f0xx_hal.o
 .debug_macro   0x000000000000aa28      0x202 Drivers/STM32F0xx_HAL_Driver/Src/stm32f0xx_hal.o
 .debug_macro   0x000000000000ac2a       0x61 Drivers/STM32F0xx_HAL_Driver/Src/stm32f0xx_hal.o
 .debug_macro   0x000000000000ac8b       0x90 Drivers/STM32F0xx_HAL_Driver/Src/stm32f0xx_hal.o
 .debug_macro   0x000000000000ad1b      0x265 Drivers/STM32F0xx_HAL_Driver/Src/stm32f0xx_hal.o
 .debug_macro   0x000000000000af80       0x4d Drivers/STM32F0xx_HAL_Driver/Src/stm32f0xx_hal.o
 .debug_macro   0x000000000000afcd       0x34 Drivers/STM32F0xx_HAL_Driver/Src/stm32f0xx_hal.o
 .debug_macro   0x000000000000b001      0x104 Drivers/STM32F0xx_HAL_Driver/Src/stm32f0xx_hal.o
 .debug_macro   0x000000000000b105      0x332 Drivers/STM32F0xx_HAL_Driver/Src/stm32f0xx_hal_adc.o
 .debug_macro   0x000000000000b437      0x30e Drivers/STM32F0xx_HAL_Driver/Src/stm32f0xx_hal_cortex.o
 .debug_macro   0x000000000000b745      0x30e Drivers/STM32F0xx_HAL_Driver/Src/stm32f0xx_hal_dma.o
 .debug_macro   0x000000000000ba53      0x346 Drivers/STM32F0xx_HAL_Driver/Src/stm32f0xx_hal_gpio.o
 .debug_macro   0x000000000000bd99      0x314 Drivers/STM32F0xx_HAL_Driver/Src/stm32f0xx_hal_pcd.o
 .debug_macro   0x000000000000c0ad      0x30e Drivers/STM32F0xx_HAL_Driver/Src/stm32f0xx_hal_pcd_ex.o
 .debug_macro   0x000000000000c3bb      0x320 Drivers/STM32F0xx_HAL_Driver/Src/stm32f0xx_hal_rcc.o
 .debug_macro   0x000000000000c6db      0x30e Drivers/STM32F0xx_HAL_Driver/Src/stm32f0xx_hal_rcc_ex.o
 .debug_macro   0x000000000000c9e9      0x3c4 Middlewares/ST/STM32_USB_Device_Library/Class/HID/Src/usbd_hid.o
 .debug_macro   0x000000000000cdad       0x52 Middlewares/ST/STM32_USB_Device_Library/Class/HID/Src/usbd_hid.o
 .debug_macro   0x000000000000cdff       0x8d Middlewares/ST/STM32_USB_Device_Library/Class/HID/Src/usbd_hid.o
 .debug_macro   0x000000000000ce8c       0x57 Middlewares/ST/STM32_USB_Device_Library/Class/HID/Src/usbd_hid.o
 .debug_macro   0x000000000000cee3       0x16 Middlewares/ST/STM32_USB_Device_Library/Class/HID/Src/usbd_hid.o
 .debug_macro   0x000000000000cef9       0x35 Middlewares/ST/STM32_USB_Device_Library/Class/HID/Src/usbd_hid.o
 .debug_macro   0x000000000000cf2e       0x16 Middlewares/ST/STM32_USB_Device_Library/Class/HID/Src/usbd_hid.o
 .debug_macro   0x000000000000cf44       0x29 Middlewares/ST/STM32_USB_Device_Library/Class/HID/Src/usbd_hid.o
 .debug_macro   0x000000000000cf6d       0x16 Middlewares/ST/STM32_USB_Device_Library/Class/HID/Src/usbd_hid.o
 .debug_macro   0x000000000000cf83       0x5f Middlewares/ST/STM32_USB_Device_Library/Class/HID/Src/usbd_hid.o
 .debug_macro   0x000000000000cfe2      0x1c3 Middlewares/ST/STM32_USB_Device_Library/Class/HID/Src/usbd_hid.o
 .debug_macro   0x000000000000d1a5       0x6a Middlewares/ST/STM32_USB_Device_Library/Class/HID/Src/usbd_hid.o
 .debug_macro   0x000000000000d20f      0x3ab Middlewares/ST/STM32_USB_Device_Library/Core/Src/usbd_core.o
 .debug_macro   0x000000000000d5ba      0x3ab Middlewares/ST/STM32_USB_Device_Library/Core/Src/usbd_ctlreq.o
 .debug_macro   0x000000000000d965      0x3a7 Middlewares/ST/STM32_USB_Device_Library/Core/Src/usbd_ioreq.o
 .debug_macro   0x000000000000dd0c      0x3b1 Src/main.o
 .debug_macro   0x000000000000e0bd      0x30e Src/stm32f0xx_hal_msp.o
 .debug_macro   0x000000000000e3cb      0x31e Src/stm32f0xx_it.o
 .debug_macro   0x000000000000e6e9      0x30e Src/system_stm32f0xx.o
 .debug_macro   0x000000000000e9f7      0x3d8 Src/usb_device.o
 .debug_macro   0x000000000000edcf      0x3c4 Src/usbd_conf.o
 .debug_macro   0x000000000000f193      0x3e5 Src/usbd_desc.o

.debug_line     0x0000000000000000     0xc48d
 .debug_line    0x0000000000000000      0x923 Drivers/STM32F0xx_HAL_Driver/Src/stm32f0xx_hal.o
 .debug_line    0x0000000000000923      0xcfb Drivers/STM32F0xx_HAL_Driver/Src/stm32f0xx_hal_adc.o
 .debug_line    0x000000000000161e      0x91c Drivers/STM32F0xx_HAL_Driver/Src/stm32f0xx_hal_cortex.o
 .debug_line    0x0000000000001f3a      0x9fb Drivers/STM32F0xx_HAL_Driver/Src/stm32f0xx_hal_dma.o
 .debug_line    0x0000000000002935      0x905 Drivers/STM32F0xx_HAL_Driver/Src/stm32f0xx_hal_gpio.o
 .debug_line    0x000000000000323a      0xe93 Drivers/STM32F0xx_HAL_Driver/Src/stm32f0xx_hal_pcd.o
 .debug_line    0x00000000000040cd      0x7d2 Drivers/STM32F0xx_HAL_Driver/Src/stm32f0xx_hal_pcd_ex.o
 .debug_line    0x000000000000489f      0xa28 Drivers/STM32F0xx_HAL_Driver/Src/stm32f0xx_hal_rcc.o
 .debug_line    0x00000000000052c7      0x8af Drivers/STM32F0xx_HAL_Driver/Src/stm32f0xx_hal_rcc_ex.o
 .debug_line    0x0000000000005b76      0xa3d Middlewares/ST/STM32_USB_Device_Library/Class/HID/Src/usbd_hid.o
 .debug_line    0x00000000000065b3      0xab1 Middlewares/ST/STM32_USB_Device_Library/Core/Src/usbd_core.o
 .debug_line    0x0000000000007064      0xadf Middlewares/ST/STM32_USB_Device_Library/Core/Src/usbd_ctlreq.o
 .debug_line    0x0000000000007b43      0x93a Middlewares/ST/STM32_USB_Device_Library/Core/Src/usbd_ioreq.o
 .debug_line    0x000000000000847d      0x976 Src/main.o
 .debug_line    0x0000000000008df3      0x7eb Src/stm32f0xx_hal_msp.o
 .debug_line    0x00000000000095de      0x81a Src/stm32f0xx_it.o
 .debug_line    0x0000000000009df8      0x7dd Src/system_stm32f0xx.o
 .debug_line    0x000000000000a5d5      0x930 Src/usb_device.o
 .debug_line    0x000000000000af05      0xbcd Src/usbd_conf.o
 .debug_line    0x000000000000bad2      0x924 Src/usbd_desc.o
 .debug_line    0x000000000000c3f6       0x97 startup/startup_stm32f070x6.o

.debug_str      0x0000000000000000    0x4600a
 .debug_str     0x0000000000000000    0x42cde Drivers/STM32F0xx_HAL_Driver/Src/stm32f0xx_hal.o
                                      0x42f8c (size before relaxing)
 .debug_str     0x0000000000042cde      0x707 Drivers/STM32F0xx_HAL_Driver/Src/stm32f0xx_hal_adc.o
                                      0x431b1 (size before relaxing)
 .debug_str     0x00000000000433e5      0x1d0 Drivers/STM32F0xx_HAL_Driver/Src/stm32f0xx_hal_cortex.o
                                      0x42e3a (size before relaxing)
 .debug_str     0x00000000000435b5      0x238 Drivers/STM32F0xx_HAL_Driver/Src/stm32f0xx_hal_dma.o
                                      0x42e8e (size before relaxing)
 .debug_str     0x00000000000437ed      0x288 Drivers/STM32F0xx_HAL_Driver/Src/stm32f0xx_hal_gpio.o
                                      0x42d4c (size before relaxing)
 .debug_str     0x0000000000043a75      0x641 Drivers/STM32F0xx_HAL_Driver/Src/stm32f0xx_hal_pcd.o
                                      0x43122 (size before relaxing)
 .debug_str     0x00000000000440b6       0x57 Drivers/STM32F0xx_HAL_Driver/Src/stm32f0xx_hal_pcd_ex.o
                                      0x42d78 (size before relaxing)
 .debug_str     0x000000000004410d      0x331 Drivers/STM32F0xx_HAL_Driver/Src/stm32f0xx_hal_rcc.o
                                      0x42eb0 (size before relaxing)
 .debug_str     0x000000000004443e      0x158 Drivers/STM32F0xx_HAL_Driver/Src/stm32f0xx_hal_rcc_ex.o
                                      0x42c50 (size before relaxing)
 .debug_str     0x0000000000044596     0x1100 Middlewares/ST/STM32_USB_Device_Library/Class/HID/Src/usbd_hid.o
                                      0x43bb0 (size before relaxing)
 .debug_str     0x0000000000045696      0x2b2 Middlewares/ST/STM32_USB_Device_Library/Core/Src/usbd_core.o
                                      0x43a94 (size before relaxing)
 .debug_str     0x0000000000045948      0x11b Middlewares/ST/STM32_USB_Device_Library/Core/Src/usbd_ctlreq.o
                                      0x439ae (size before relaxing)
 .debug_str     0x0000000000045a63       0x79 Middlewares/ST/STM32_USB_Device_Library/Core/Src/usbd_ioreq.o
                                      0x438db (size before relaxing)
 .debug_str     0x0000000000045adc      0x19b Src/main.o
                                      0x441e2 (size before relaxing)
 .debug_str     0x0000000000045c77       0x1b Src/stm32f0xx_hal_msp.o
                                      0x43038 (size before relaxing)
 .debug_str     0x0000000000045c92       0x8c Src/stm32f0xx_it.o
                                      0x42f77 (size before relaxing)
 .debug_str     0x0000000000045d1e       0x3b Src/system_stm32f0xx.o
                                      0x42aa5 (size before relaxing)
 .debug_str     0x0000000000045d59       0x14 Src/usb_device.o
                                      0x439be (size before relaxing)
 .debug_str     0x0000000000045d6d       0x7c Src/usbd_conf.o
                                      0x443a0 (size before relaxing)
 .debug_str     0x0000000000045de9      0x221 Src/usbd_desc.o
                                      0x43774 (size before relaxing)

.comment        0x0000000000000000       0x7f
 .comment       0x0000000000000000       0x7f Drivers/STM32F0xx_HAL_Driver/Src/stm32f0xx_hal.o
                                         0x80 (size before relaxing)
 .comment       0x000000000000007f       0x80 Drivers/STM32F0xx_HAL_Driver/Src/stm32f0xx_hal_adc.o
 .comment       0x000000000000007f       0x80 Drivers/STM32F0xx_HAL_Driver/Src/stm32f0xx_hal_cortex.o
 .comment       0x000000000000007f       0x80 Drivers/STM32F0xx_HAL_Driver/Src/stm32f0xx_hal_dma.o
 .comment       0x000000000000007f       0x80 Drivers/STM32F0xx_HAL_Driver/Src/stm32f0xx_hal_gpio.o
 .comment       0x000000000000007f       0x80 Drivers/STM32F0xx_HAL_Driver/Src/stm32f0xx_hal_pcd.o
 .comment       0x000000000000007f       0x80 Drivers/STM32F0xx_HAL_Driver/Src/stm32f0xx_hal_pcd_ex.o
 .comment       0x000000000000007f       0x80 Drivers/STM32F0xx_HAL_Driver/Src/stm32f0xx_hal_rcc.o
 .comment       0x000000000000007f       0x80 Drivers/STM32F0xx_HAL_Driver/Src/stm32f0xx_hal_rcc_ex.o
 .comment       0x000000000000007f       0x80 Middlewares/ST/STM32_USB_Device_Library/Class/HID/Src/usbd_hid.o
 .comment       0x000000000000007f       0x80 Middlewares/ST/STM32_USB_Device_Library/Core/Src/usbd_core.o
 .comment       0x000000000000007f       0x80 Middlewares/ST/STM32_USB_Device_Library/Core/Src/usbd_ctlreq.o
 .comment       0x000000000000007f       0x80 Middlewares/ST/STM32_USB_Device_Library/Core/Src/usbd_ioreq.o
 .comment       0x000000000000007f       0x80 Src/main.o
 .comment       0x000000000000007f       0x80 Src/stm32f0xx_hal_msp.o
 .comment       0x000000000000007f       0x80 Src/stm32f0xx_it.o
 .comment       0x000000000000007f       0x80 Src/system_stm32f0xx.o
 .comment       0x000000000000007f       0x80 Src/usb_device.o
 .comment       0x000000000000007f       0x80 Src/usbd_conf.o
 .comment       0x000000000000007f       0x80 Src/usbd_desc.o

.debug_frame    0x0000000000000000     0x1648
 .debug_frame   0x0000000000000000      0x174 Drivers/STM32F0xx_HAL_Driver/Src/stm32f0xx_hal.o
 .debug_frame   0x0000000000000174      0x2a0 Drivers/STM32F0xx_HAL_Driver/Src/stm32f0xx_hal_adc.o
 .debug_frame   0x0000000000000414       0xe4 Drivers/STM32F0xx_HAL_Driver/Src/stm32f0xx_hal_cortex.o
 .debug_frame   0x00000000000004f8      0x168 Drivers/STM32F0xx_HAL_Driver/Src/stm32f0xx_hal_dma.o
 .debug_frame   0x0000000000000660       0xcc Drivers/STM32F0xx_HAL_Driver/Src/stm32f0xx_hal_gpio.o
 .debug_frame   0x000000000000072c      0x2e0 Drivers/STM32F0xx_HAL_Driver/Src/stm32f0xx_hal_pcd.o
 .debug_frame   0x0000000000000a0c       0x28 Drivers/STM32F0xx_HAL_Driver/Src/stm32f0xx_hal_pcd_ex.o
 .debug_frame   0x0000000000000a34      0x130 Drivers/STM32F0xx_HAL_Driver/Src/stm32f0xx_hal_rcc.o
 .debug_frame   0x0000000000000b64       0x58 Drivers/STM32F0xx_HAL_Driver/Src/stm32f0xx_hal_rcc_ex.o
 .debug_frame   0x0000000000000bbc       0xb4 Middlewares/ST/STM32_USB_Device_Library/Class/HID/Src/usbd_hid.o
 .debug_frame   0x0000000000000c70      0x1bc Middlewares/ST/STM32_USB_Device_Library/Core/Src/usbd_core.o
 .debug_frame   0x0000000000000e2c      0x168 Middlewares/ST/STM32_USB_Device_Library/Core/Src/usbd_ctlreq.o
 .debug_frame   0x0000000000000f94       0xb8 Middlewares/ST/STM32_USB_Device_Library/Core/Src/usbd_ioreq.o
 .debug_frame   0x000000000000104c       0xbc Src/main.o
 .debug_frame   0x0000000000001108       0x5c Src/stm32f0xx_hal_msp.o
 .debug_frame   0x0000000000001164       0x98 Src/stm32f0xx_it.o
 .debug_frame   0x00000000000011fc       0x38 Src/system_stm32f0xx.o
 .debug_frame   0x0000000000001234       0x28 Src/usb_device.o
 .debug_frame   0x000000000000125c      0x2f8 Src/usbd_conf.o
 .debug_frame   0x0000000000001554       0xa8 Src/usbd_desc.o
 .debug_frame   0x00000000000015fc       0x20 /Users/mitchellbond/.p2/pool/plugins/fr.ac6.mcu.externaltools.arm-none.macos64_1.15.0.201708311556/tools/compiler/bin/../lib/gcc/arm-none-eabi/6.3.1/thumb/v6-m/libgcc.a(_udivsi3.o)
 .debug_frame   0x000000000000161c       0x2c /Users/mitchellbond/.p2/pool/plugins/fr.ac6.mcu.externaltools.arm-none.macos64_1.15.0.201708311556/tools/compiler/bin/../lib/gcc/arm-none-eabi/6.3.1/../../../../arm-none-eabi/lib/thumb/v6-m/libc_nano.a(lib_a-init.o)
